[sfdc-se01-inside-sfdc-dw.demandware.net/on/demandware.store/Sites-NTO-Site/default/Home-Show.html]
[backblue.gif]
[fade.gif]
[index.html]
[sfdc-se01-inside-sfdc-dw.demandware.net/on/demandware.store/Sites-NTO-Site/default/sc.html]
[sfdc-se01-inside-sfdc-dw.demandware.net/on/demandware.store/Sites-NTO-Site/default/Stores-Find.html]
[sfdc-se01-inside-sfdc-dw.demandware.net/on/demandware.store/Sites-NTO-Site/default/Account-Show.html]
[sfdc-se01-inside-sfdc-dw.demandware.net/on/demandware.store/Sites-NTO-Site/default/Account-StartRegister.html]
[sfdc-se01-inside-sfdc-dw.demandware.net/on/demandware.store/Sites-NTO-Site/default/Order-History.html]
[sfdc-se01-inside-sfdc-dw.demandware.net/on/demandware.store/Sites-NTO-Site/default/Wishlist-Show.html]
[sfdc-se01-inside-sfdc-dw.demandware.net/on/demandware.store/Sites-NTO-Site/default/GiftRegistry-Start.html]
[sfdc-se01-inside-sfdc-dw.demandware.net/on/demandware.store/Sites-NTO-Site/default/CustomerService-ContactUs.html]
[sfdc-se01-inside-sfdc-dw.demandware.net/on/demandware.store/Sites-NTO-Site/default/GiftCert-Purchase.html]
[sfdc-se01-inside-sfdc-dw.demandware.net/on/demandware.store/Sites-NTO-Site/default/CustomerService-Showfeaa.html]
[sfdc-se01-inside-sfdc-dw.demandware.net/on/demandware.store/Sites-NTO-Site/default/SiteMap-Start.html]
[sfdc-se01-inside-sfdc-dw.demandware.net/on/demandware.store/Sites-NTO-Site/default/__Analytics-Tracking.gif]
[sfdc-se01-inside-sfdc-dw.demandware.net/on/demandware.store/Sites-NTO-Site/default/Home-Show.html]
[sfdc-se01-inside-sfdc-dw.demandware.net/on/demandware.store/Sites-NTO-Site/default/sc.html]
[sfdc-se01-inside-sfdc-dw.demandware.net/on/demandware.store/Sites-NTO-Site/default/Stores-Find.html]
[sfdc-se01-inside-sfdc-dw.demandware.net/on/demandware.store/Sites-NTO-Site/default/Account-PasswordResetDialog.html]
[sfdc-se01-inside-sfdc-dw.demandware.net/on/demandware.store/Sites-NTO-Site/default/Account-Show.html]
[sfdc-se01-inside-sfdc-dw.demandware.net/on/demandware.store/Sites-NTO-Site/default/Account-StartRegister.html]
[sfdc-se01-inside-sfdc-dw.demandware.net/on/demandware.store/Sites-NTO-Site/default/Order-History.html]
[sfdc-se01-inside-sfdc-dw.demandware.net/on/demandware.store/Sites-NTO-Site/default/Wishlist-Show.html]
[sfdc-se01-inside-sfdc-dw.demandware.net/on/demandware.store/Sites-NTO-Site/default/GiftRegistry-Start.html]
[sfdc-se01-inside-sfdc-dw.demandware.net/on/demandware.store/Sites-NTO-Site/default/CustomerService-Show.html]
[sfdc-se01-inside-sfdc-dw.demandware.net/on/demandware.store/Sites-NTO-Site/default/CustomerService-ContactUs.html]
[sfdc-se01-inside-sfdc-dw.demandware.net/on/demandware.store/Sites-NTO-Site/default/GiftCert-Purchase.html]
[sfdc-se01-inside-sfdc-dw.demandware.net/on/demandware.store/Sites-NTO-Site/default/CustomerService-Showfeaa.html]
[sfdc-se01-inside-sfdc-dw.demandware.net/on/demandware.store/Sites-NTO-Site/default/SiteMap-Start.html]
[sfdc-se01-inside-sfdc-dw.demandware.net/on/demandware.store/Sites-NTO-Site/default/Account-PasswordResetDialog.html]
[sfdc-se01-inside-sfdc-dw.demandware.net/on/demandware.store/Sites-NTO-Site/default/CustomerService-Show.html]
